
> agrochain-frontend@0.1.0 build
> vite build

[36mvite v6.4.1 [32mbuilding for production...[36m[39m
node.exe : 
(node:24128) [MODULE_TY
PELESS_PACKAGE_JSON] 
Warning: Module type 
of file:///C:/Users/sma
gg/RageByte/frontend/po
stcss.config.js?t=17737
32512876 is not 
specified and it 
doesn't parse as 
CommonJS.
At C:\Program Files\nod
ejs\npm.ps1:29 char:3
+   & $NODE_EXE 
$NPM_CLI_JS $args
+   ~~~~~~~~~~~~~~~~~~~
~~~~~~~~~~
    + CategoryInfo     
         : NotSpecifi  
  ed: ((node:24128)    
 [M...se as CommonJ    
S.:String) [], Rem    
oteException
    + FullyQualifiedEr 
   rorId : NativeComm  
  andError
 
Reparsing as ES module 
because module syntax 
was detected. This 
incurs a performance 
overhead.
To eliminate this 
warning, add "type": 
"module" to C:\Users\sm
agg\RageByte\frontend\p
ackage.json.
(Use `node 
--trace-warnings ...` 
to show where the 
warning was created)
transforming...
[32mΓ£ô[39m 1131 modules transformed.
[31mΓ£ù[39m Build 
failed in 2.08s
[31merror during 
build:
[31mCould not resolve 
"../abi/OracleConsumer.
json" from "src/pages/C
reatePolicyPage.jsx"[3
1m
file: [36mC:/Users/sma
gg/RageByte/frontend/sr
c/pages/CreatePolicyPag
e.jsx[31m
    at getRollupError (
file:///C:/Users/smagg/
RageByte/node_modules/r
ollup/dist/es/shared/pa
rseAst.js:402:41)
    at error (file:///C
:/Users/smagg/RageByte/
node_modules/rollup/dis
t/es/shared/parseAst.js
:398:42)
    at ModuleLoader.han
dleInvalidResolvedId (f
ile:///C:/Users/smagg/R
ageByte/node_modules/ro
llup/dist/es/shared/nod
e-entry.js:21710:24)
    at file:///C:/Users
/smagg/RageByte/node_mo
dules/rollup/dist/es/sh
ared/node-entry.js:2167
0:26[39m
npm error Lifecycle 
script `build` failed 
with error:
npm error code 1
npm error path C:\Users
\smagg\RageByte\fronten
d
npm error workspace agr
ochain-frontend@0.1.0
npm error location C:\U
sers\smagg\RageByte\fro
ntend
npm error command 
failed
npm error command C:\WI
NDOWS\system32\cmd.exe 
/d /s /c vite build
